// Jest Snapshot v1, https://goo.gl/fbAQLP

exports[`RegisterForm Component should match the snapshot 1`] = `
ShallowWrapper {
  Symbol(enzyme.__root__): [Circular],
  Symbol(enzyme.__unrendered__): <RegisterForm />,
  Symbol(enzyme.__renderer__): Object {
    "batchedUpdates": [Function],
    "getNode": [Function],
    "render": [Function],
    "simulateError": [Function],
    "simulateEvent": [Function],
    "unmount": [Function],
  },
  Symbol(enzyme.__node__): Object {
    "instance": null,
    "key": undefined,
    "nodeType": "host",
    "props": Object {
      "children": Array [
        <input
          className="register-input register-name-input"
          name="name"
          onChange={[Function]}
          placeholder="Enter Full Name"
          type="text"
          value=""
        />,
        <input
          className="register-input register-email-input"
          name="email"
          onChange={[Function]}
          placeholder="Enter Email Address"
          type="email"
          value=""
        />,
        <input
          className="register-input register-password-input"
          name="password"
          onChange={[Function]}
          placeholder="Enter Password"
          type="password"
          value=""
        />,
        <input
          className="register-input register-confirm-input"
          name="confirmedPassword"
          onChange={[Function]}
          placeholder="Confirm Password"
          type="password"
          value=""
        />,
        <button
          className="register-button"
        >
          Register
        </button>,
      ],
      "className": "register-form",
      "onSubmit": [Function],
    },
    "ref": null,
    "rendered": Array [
      Object {
        "instance": null,
        "key": undefined,
        "nodeType": "host",
        "props": Object {
          "className": "register-input register-name-input",
          "name": "name",
          "onChange": [Function],
          "placeholder": "Enter Full Name",
          "type": "text",
          "value": "",
        },
        "ref": null,
        "rendered": null,
        "type": "input",
      },
      Object {
        "instance": null,
        "key": undefined,
        "nodeType": "host",
        "props": Object {
          "className": "register-input register-email-input",
          "name": "email",
          "onChange": [Function],
          "placeholder": "Enter Email Address",
          "type": "email",
          "value": "",
        },
        "ref": null,
        "rendered": null,
        "type": "input",
      },
      Object {
        "instance": null,
        "key": undefined,
        "nodeType": "host",
        "props": Object {
          "className": "register-input register-password-input",
          "name": "password",
          "onChange": [Function],
          "placeholder": "Enter Password",
          "type": "password",
          "value": "",
        },
        "ref": null,
        "rendered": null,
        "type": "input",
      },
      Object {
        "instance": null,
        "key": undefined,
        "nodeType": "host",
        "props": Object {
          "className": "register-input register-confirm-input",
          "name": "confirmedPassword",
          "onChange": [Function],
          "placeholder": "Confirm Password",
          "type": "password",
          "value": "",
        },
        "ref": null,
        "rendered": null,
        "type": "input",
      },
      Object {
        "instance": null,
        "key": undefined,
        "nodeType": "host",
        "props": Object {
          "children": "Register",
          "className": "register-button",
        },
        "ref": null,
        "rendered": "Register",
        "type": "button",
      },
    ],
    "type": "form",
  },
  Symbol(enzyme.__nodes__): Array [
    Object {
      "instance": null,
      "key": undefined,
      "nodeType": "host",
      "props": Object {
        "children": Array [
          <input
            className="register-input register-name-input"
            name="name"
            onChange={[Function]}
            placeholder="Enter Full Name"
            type="text"
            value=""
          />,
          <input
            className="register-input register-email-input"
            name="email"
            onChange={[Function]}
            placeholder="Enter Email Address"
            type="email"
            value=""
          />,
          <input
            className="register-input register-password-input"
            name="password"
            onChange={[Function]}
            placeholder="Enter Password"
            type="password"
            value=""
          />,
          <input
            className="register-input register-confirm-input"
            name="confirmedPassword"
            onChange={[Function]}
            placeholder="Confirm Password"
            type="password"
            value=""
          />,
          <button
            className="register-button"
          >
            Register
          </button>,
        ],
        "className": "register-form",
        "onSubmit": [Function],
      },
      "ref": null,
      "rendered": Array [
        Object {
          "instance": null,
          "key": undefined,
          "nodeType": "host",
          "props": Object {
            "className": "register-input register-name-input",
            "name": "name",
            "onChange": [Function],
            "placeholder": "Enter Full Name",
            "type": "text",
            "value": "",
          },
          "ref": null,
          "rendered": null,
          "type": "input",
        },
        Object {
          "instance": null,
          "key": undefined,
          "nodeType": "host",
          "props": Object {
            "className": "register-input register-email-input",
            "name": "email",
            "onChange": [Function],
            "placeholder": "Enter Email Address",
            "type": "email",
            "value": "",
          },
          "ref": null,
          "rendered": null,
          "type": "input",
        },
        Object {
          "instance": null,
          "key": undefined,
          "nodeType": "host",
          "props": Object {
            "className": "register-input register-password-input",
            "name": "password",
            "onChange": [Function],
            "placeholder": "Enter Password",
            "type": "password",
            "value": "",
          },
          "ref": null,
          "rendered": null,
          "type": "input",
        },
        Object {
          "instance": null,
          "key": undefined,
          "nodeType": "host",
          "props": Object {
            "className": "register-input register-confirm-input",
            "name": "confirmedPassword",
            "onChange": [Function],
            "placeholder": "Confirm Password",
            "type": "password",
            "value": "",
          },
          "ref": null,
          "rendered": null,
          "type": "input",
        },
        Object {
          "instance": null,
          "key": undefined,
          "nodeType": "host",
          "props": Object {
            "children": "Register",
            "className": "register-button",
          },
          "ref": null,
          "rendered": "Register",
          "type": "button",
        },
      ],
      "type": "form",
    },
  ],
  Symbol(enzyme.__options__): Object {
    "adapter": ReactSixteenAdapter {
      "options": Object {
        "enableComponentDidUpdateOnSetState": true,
        "lifecycles": Object {
          "componentDidUpdate": Object {
            "onSetState": true,
          },
          "getDerivedStateFromProps": true,
          "getSnapshotBeforeUpdate": true,
          "setState": Object {
            "skipsComponentDidUpdateOnNullish": true,
          },
        },
      },
    },
  },
}
`;
